// Jest Snapshot v1, https://goo.gl/fbAQLP

exports[`Thingy 1`] = `
[
  {
    "advertId": 17621826,
    "atbs": 1,
    "clicks": 82,
    "cpc": 16.57,
    "cr": 0,
    "ctr": 3.11,
    "dates": [
      "2024-06-24",
    ],
    "days": [
      {
        "apps": [
          {
            "appType": 1,
            "atbs": 0,
            "clicks": 4,
            "cpc": 50.38,
            "cr": 0,
            "ctr": 1,
            "nm": [
              {
                "atbs": 0,
                "clicks": 4,
                "cpc": 50.38,
                "cr": 0,
                "ctr": 1,
                "name": "Искусственное декоративное дерево Финиковая Пальма 220 см",
                "nmId": 231130515,
                "orders": 0,
                "shks": 0,
                "sum": 201.5,
                "sum_price": 0,
                "views": 399,
              },
            ],
            "orders": 0,
            "shks": 0,
            "sum": 201.5,
            "sum_price": 0,
            "views": 399,
          },
          {
            "appType": 32,
            "atbs": 0,
            "clicks": 40,
            "cpc": 19.14,
            "cr": 0,
            "ctr": 2.68,
            "nm": [
              {
                "atbs": 0,
                "clicks": 40,
                "cpc": 19.14,
                "cr": 0,
                "ctr": 2.68,
                "name": "Искусственное декоративное дерево Финиковая Пальма 220 см",
                "nmId": 231130515,
                "orders": 0,
                "shks": 0,
                "sum": 765.5,
                "sum_price": 0,
                "views": 1491,
              },
            ],
            "orders": 0,
            "shks": 0,
            "sum": 765.5,
            "sum_price": 0,
            "views": 1491,
          },
          {
            "appType": 64,
            "atbs": 1,
            "clicks": 38,
            "cpc": 0.01,
            "cr": 0,
            "ctr": 5.1,
            "nm": [
              {
                "atbs": 1,
                "clicks": 38,
                "cpc": 10.3,
                "cr": 0,
                "ctr": 5.1,
                "name": "Искусственное декоративное дерево Финиковая Пальма 220 см",
                "nmId": 231130515,
                "orders": 0,
                "shks": 0,
                "sum": 391.5,
                "sum_price": 0,
                "views": 745,
              },
            ],
            "orders": 0,
            "shks": 0,
            "sum": 0.39,
            "sum_price": 0,
            "views": 745,
          },
        ],
        "atbs": 1,
        "clicks": 82,
        "cpc": 16.57,
        "cr": 0,
        "ctr": 0,
        "date": "2024-06-24T03:00:00+03:00",
        "orders": 0,
        "shks": 0,
        "sum": 1358.5,
        "sum_price": 0,
        "views": 2635,
      },
    ],
    "orders": 0,
    "shks": 0,
    "sum": 1358.5,
    "sum_price": 0,
    "views": 2635,
  },
]
`;
