// Jest Snapshot v1, https://goo.gl/fbAQLP

exports[`Thingy 1`] = `
[
  {
    "advertId": 17621826,
    "atbs": 3,
    "clicks": 80,
    "cpc": 17.23,
    "cr": 0,
    "ctr": 2.99,
    "dates": [
      "2024-06-21",
    ],
    "days": [
      {
        "apps": [
          {
            "appType": 1,
            "atbs": 0,
            "clicks": 6,
            "cpc": 28.92,
            "cr": 0,
            "ctr": 1.76,
            "nm": [
              {
                "atbs": 0,
                "clicks": 6,
                "cpc": 28.92,
                "cr": 0,
                "ctr": 1.76,
                "name": "Искусственное декоративное дерево Финиковая Пальма 220 см",
                "nmId": 231130515,
                "orders": 0,
                "shks": 0,
                "sum": 173.5,
                "sum_price": 0,
                "views": 341,
              },
            ],
            "orders": 0,
            "shks": 0,
            "sum": 173.5,
            "sum_price": 0,
            "views": 341,
          },
          {
            "appType": 32,
            "atbs": 1,
            "clicks": 33,
            "cpc": 22.91,
            "cr": 0,
            "ctr": 2.23,
            "nm": [
              {
                "atbs": 1,
                "clicks": 33,
                "cpc": 22.91,
                "cr": 0,
                "ctr": 2.23,
                "name": "Искусственное декоративное дерево Финиковая Пальма 220 см",
                "nmId": 231130515,
                "orders": 0,
                "shks": 0,
                "sum": 756,
                "sum_price": 0,
                "views": 1479,
              },
            ],
            "orders": 0,
            "shks": 0,
            "sum": 756,
            "sum_price": 0,
            "views": 1479,
          },
          {
            "appType": 64,
            "atbs": 2,
            "clicks": 41,
            "cpc": 0.01,
            "cr": 0,
            "ctr": 4.79,
            "nm": [
              {
                "atbs": 2,
                "clicks": 41,
                "cpc": 10.94,
                "cr": 0,
                "ctr": 4.79,
                "name": "Искусственное декоративное дерево Финиковая Пальма 220 см",
                "nmId": 231130515,
                "orders": 0,
                "shks": 0,
                "sum": 448.5,
                "sum_price": 0,
                "views": 856,
              },
            ],
            "orders": 0,
            "shks": 0,
            "sum": 0.45,
            "sum_price": 0,
            "views": 856,
          },
        ],
        "atbs": 3,
        "clicks": 80,
        "cpc": 17.23,
        "cr": 0,
        "ctr": 0,
        "date": "2024-06-21T03:00:00+03:00",
        "orders": 0,
        "shks": 0,
        "sum": 1378,
        "sum_price": 0,
        "views": 2676,
      },
    ],
    "orders": 0,
    "shks": 0,
    "sum": 1378,
    "sum_price": 0,
    "views": 2676,
  },
]
`;
